# Iteration 3 Log

## Metadata

- **Task ID**: US-003
- **Task Title**: Authentication Module
- **Description**: As a developer, I want to implement simple password-based authentication so that only authorized users can access the terminal.
- **Status**: completed
- **Task Completed**: Yes
- **Promise Detected**: Yes
- **Started At**: 2026-05-27T20:35:49.880Z
- **Ended At**: 2026-05-27T20:37:36.241Z
- **Duration**: 1m 46s
- **Agent**: opencode
- **Sandbox Mode**: auto
- **Sandbox Network**: Enabled
--- RAW OUTPUT ---
[94m[read][0m
[94m[glob][0m pattern: [96m**/*.md[0m
[94m[glob][0m pattern: [96msrc/**/*.py[0m
[94m[read][0m
[94m[read][0m
[94m[read][0m
[94m[read][0m
[94m[write][0m """"Authentication Module for password-based access control."""

from __future__ import annotations

import logging
import os
import secrets
from pathlib import Path

import tomllib

logger = logging.g... (3616 chars)"
I need to fix the auth module - the `check_auth` should validate session tokens, not compare against password:
[94m[write][0m """"Authentication Module for password-based access control."""

from __future__ import annotations

import logging
import os
import secrets
from pathlib import Path

import tomllib

logger = logging.g... (3710 chars)"
[94m[bash][0m Run ruff check on auth.py $ cd /Users/nimitbhardwaj/Programs/Projects/hermes-web-terminal && uv run ruff check src/hermeswebterm...
[94m[bash][0m Run ruff format check on auth.py $ cd /Users/nimitbhardwaj/Programs/Projects/hermes-web-terminal && uv run ruff format --check src/herm...
[94m[bash][0m Run pyright on auth.py $ cd /Users/nimitbhardwaj/Programs/Projects/hermes-web-terminal && uv run pyright src/hermeswebtermina...
[94m[bash][0m Fix ruff import issues $ cd /Users/nimitbhardwaj/Programs/Projects/hermes-web-terminal && uv run ruff check --fix src/hermesw...
[94m[bash][0m Run all quality checks on auth.py $ cd /Users/nimitbhardwaj/Programs/Projects/hermes-web-terminal && uv run ruff check src/hermeswebterm...
[94m[read][0m
Now let me update the progress.md file:
[94m[edit][0m
[94m[edit][0m
[94m[read][0m
[94m[bash][0m Final quality check on auth.py $ cd /Users/nimitbhardwaj/Programs/Projects/hermes-web-terminal && uv run ruff check src/hermeswebterm...
All acceptance criteria met:
- ✅ `src/hermeswebterminal/auth.py` created
- ✅ Password from `HERMES_WEB_TERMINAL_PASSWORD` env var
- ✅ `Authenticator.verify(password) -> bool` using `secrets.compare_digest`
- ✅ Token generation via `secrets.token_urlsafe()`
- ✅ `check_auth(token) -> bool` validates stored tokens
- ✅ Config file `~/.config/hermes-web-terminal/config.toml`
- ✅ Env vars override config file
- ✅ `AuthenticationError` if password not set
- ✅ All quality checks pass

<promise>COMPLETE</promise>
