# Iteration 8 Log

## Metadata

- **Task ID**: US-008
- **Task Title**: Graceful Shutdown
- **Description**: As an operator, I want proper signal handling for clean shutdown so that all processes are terminated correctly when the server stops.
- **Status**: completed
- **Task Completed**: Yes
- **Promise Detected**: Yes
- **Started At**: 2026-05-27T20:48:24.604Z
- **Ended At**: 2026-05-27T20:50:02.439Z
- **Duration**: 1m 37s
- **Agent**: opencode
- **Sandbox Mode**: auto
- **Sandbox Network**: Enabled
--- RAW OUTPUT ---
[94m[read][0m
[94m[read][0m
[94m[read][0m
[94m[read][0m


I see the issue. The current implementation has no signal handling and uses `await asyncio.Future()` which runs forever. I need to implement proper graceful shutdown with signals.
[94m[todowrite][0m
[94m[edit][0m
[94m[edit][0m
[94m[bash][0m Check websockets.serve return type $ print(type(websockets.serve(lambda: None, '127.0.0.1', 4200)))"
[94m[edit][0m
[94m[edit][0m
[94m[todowrite][0m
[94m[edit][0m
[94m[edit][0m
[94m[edit][0m
[94m[todowrite][0m
[94m[bash][0m Run lint, format check, and typecheck $ cd /Users/nimitbhardwaj/Programs/Projects/hermes-web-terminal && uv run ruff check src/hermeswebterm...
[94m[edit][0m
[94m[edit][0m
[94m[bash][0m Run lint, format check, and typecheck $ cd /Users/nimitbhardwaj/Programs/Projects/hermes-web-terminal && uv run ruff check src/hermeswebterm...
[94m[bash][0m Format __main__.py and recheck types $ cd /Users/nimitbhardwaj/Programs/Projects/hermes-web-terminal && uv run ruff format src/hermeswebter...
[94m[todowrite][0m
[94m[read][0m
[94m[read][0m


Let me fix the unused variable and docstring issue:
[94m[edit][0m
[94m[edit][0m
[94m[bash][0m Run all quality checks $ cd /Users/nimitbhardwaj/Programs/Projects/hermes-web-terminal && uv run ruff check src/hermeswebterm...
[94m[edit][0m
[94m[read][0m
[94m[bash][0m Check end of progress.md $ tail -20 "/Users/nimitbhardwaj/Programs/Projects/hermes-web-terminal/.ralph-tui/progress.md"
[94m[bash][0m Check file ending bytes $ tail -c 200 "/Users/nimitbhardwaj/Programs/Projects/hermes-web-terminal/.ralph-tui/progress.md" | xx...
[94m[bash][0m Append US-008 learnings to progress.md $ waits on it if provided   - PTY processes already killed via `pty_manager.close()` in websocket_hand...
[94m[bash][0m Final quality check $ cd /Users/nimitbhardwaj/Programs/Projects/hermes-web-terminal && uv run ruff check src/hermeswebterm...
[94m[todowrite][0m


<promise>COMPLETE</promise>
