# Iteration 5 Log

## Metadata

- **Task ID**: US-004
- **Task Title**: WebSocket Server
- **Description**: As a developer, I want to implement the WebSocket server to handle browser connections and bridge to PTY so that users can interact with hermes from the browser.
- **Status**: completed
- **Task Completed**: Yes
- **Promise Detected**: Yes
- **Started At**: 2026-05-27T20:40:04.508Z
- **Ended At**: 2026-05-27T20:43:53.985Z
- **Duration**: 3m 49s
- **Agent**: opencode
- **Sandbox Mode**: auto
- **Sandbox Network**: Enabled
--- RAW OUTPUT ---
[94m[read][0m
[94m[glob][0m pattern: [96m**/*.md[0m
[94m[read][0m
[94m[read][0m
[94m[read][0m
[94m[read][0m
[94m[read][0m
[94m[read][0m


The current `server.py` only has HTTP handling. I need to add WebSocket support with auth, PTY bridging, and configurable host/port.
[94m[edit][0m
[94m[edit][0m
[94m[bash][0m Install websockets dependency $ uv add websockets
[94m[bash][0m Run ruff check on server.py $ uv run ruff check src/hermeswebterminal/server.py
[94m[bash][0m Format server.py with ruff $ uv run ruff format src/hermeswebterminal/server.py
[94m[bash][0m Run pyright on server.py $ uv run pyright src/hermeswebterminal/server.py
[94m[bash][0m Check WebSocketServerProtocol import $ print(WebSocketServerProtocol)"
[94m[edit][0m
[94m[bash][0m Run pyright on server.py $ uv run pyright src/hermeswebterminal/server.py
[94m[read][0m
[94m[edit][0m
[94m[bash][0m Run pyright on server.py $ uv run pyright src/hermeswebterminal/server.py
[94m[bash][0m Run pyright on entire project $ uv run pyright
[94m[edit][0m
[94m[bash][0m Check websockets location $ print(websockets.__file__)"
[94m[bash][0m Check pyright version $ uv run pyright --version
[94m[bash][0m Run all quality checks $ uv run ruff check && uv run ruff format --check && uv run pyright
[94m[bash][0m Check websockets attributes $ print([x for x in dir(websockets) if 'WebSocket' in x])"
[94m[bash][0m Check WebSocketServerProtocol import $ print(WebSocketServerProtocol)"
[94m[bash][0m Check websockets.server module $ print(dir(websockets.server))"
[94m[glob][0m pattern: [96mpyrightconfig.json[0m
[94m[bash][0m Check websockets package structure $ ls -la .venv/lib/python3.12/site-packages/websockets/
[94m[bash][0m Check WebSocketServerProtocol type $ print(type(websockets.server.WebSocketServerProtocol))"
[94m[bash][0m Clear pyright cache and rerun $ rm -rf .pyright && uv run pyright src/hermeswebterminal/server.py 2>&1
[94m[edit][0m
[94m[bash][0m Run pyright on entire project $ uv run pyright
[94m[bash][0m Check WebSocketServerProtocol location $ uv run python -c " from websockets.server import WebSocketServerProtocol import inspect print(inspec...
[94m[edit][0m
[94m[bash][0m Run pyright $ uv run pyright
[94m[bash][0m Check websockets serve return type $ uv run python -c " import websockets ws = websockets.serve(lambda: None, '127.0.0.1', 0) print(type(...
[94m[bash][0m Check websockets serve signature $ uv run python -c " import inspect import websockets sig = inspect.signature(websockets.serve) print(...
[94m[bash][0m Check ServerConnection location $ uv run python -c " from websockets.asyncio.server import ServerConnection import inspect print(inspe...
[94m[edit][0m
[94m[read][0m
[94m[edit][0m
[94m[edit][0m
[94m[edit][0m
[94m[read][0m
[94m[edit][0m
[94m[bash][0m Run pyright on project $ uv run pyright 2>&1
[94m[bash][0m Inspect ServerConnection attributes $ uv run python -c " from websockets.asyncio.server import ServerConnection import inspect  # Get the ...
[94m[bash][0m Check ServerConnection handshake $ uv run python -c " from websockets.asyncio.server import ServerConnection import inspect  # Check th...
[94m[write][0m "{
  "executionEnvironments": [
    {
      "root": "src"
    }
  ],
  "typeCheckingMode": "basic",
  "pythonVersion": "3.12",
  "extraPaths": [
    ".venv/lib/python3.12/site-packages"
  ]
}"
[94m[bash][0m Run pyright command line $ uv run pyright 2>&1
[94m[bash][0m Inspect ServerConnection init $ uv run python -c " from websockets.asyncio.server import ServerConnection import inspect  conn = Ser...
[94m[bash][0m Check ServerProtocol attributes $ uv run python -c " from websockets.server import ServerProtocol import inspect  # Get attributes att...
[94m[bash][0m Check ServerConnection internals $ uv run python -c " from websockets.asyncio.server import ServerConnection import asyncio  async def ...
[94m[bash][0m Check websockets asyncio server source $ head -100 .venv/lib/python3.12/site-packages/websockets/asyncio/server.py
[94m[bash][0m Check Request attributes $ uv run python -c " from websockets.http11 import Request import inspect print(inspect.signature(Requ...
[94m[bash][0m Check ServerConnection request methods $ uv run python -c " from websockets.asyncio.server import ServerConnection import inspect  # Get all ...
[94m[bash][0m Check Connection base class $ cat .venv/lib/python3.12/site-packages/websockets/asyncio/connection.py | head -200
[94m[read][0m
[94m[write][0m """"Server Module for HTTP and WebSocket serving."""

from __future__ import annotations

import asyncio
import logging
from pathlib import Path
from typing import TYPE_CHECKING

import websockets

if ... (5234 chars)"
[94m[bash][0m Run all quality checks $ uv run ruff check src/hermeswebterminal/server.py && uv run ruff format src/hermeswebterminal/server...
[94m[bash][0m Add trailing newline $ echo "" >> src/hermeswebterminal/server.py
[94m[bash][0m Run all quality checks $ uv run ruff check src/hermeswebterminal/server.py && uv run ruff format src/hermeswebterminal/server...
[94m[bash][0m Run all quality checks on entire project $ uv run ruff check && uv run ruff format --check && uv run pyright
[94m[edit][0m
[94m[edit][0m
[94m[read][0m
[94m[write][0m "# Ralph Progress Log

This file tracks progress across iterations. Agents update this file
after each iteration and it's included in prompts for context.

## Codebase Patterns (Study These First)

*Ad... (7336 chars)"
[94m[bash][0m Run final quality checks $ uv run ruff check && uv run ruff format --check && uv run pyright


<promise>COMPLETE</promise>
