# Iteration 1 Log

## Metadata

- **Task ID**: US-001
- **Task Title**: Project Setup and Tooling Configuration
- **Description**: As a developer, I want to set up the uv project structure under src/hermeswebterminal/ with proper ruff and pyright configuration so that we have a solid foundation for development.
- **Status**: completed
- **Task Completed**: Yes
- **Promise Detected**: Yes
- **Started At**: 2026-05-27T20:32:27.653Z
- **Ended At**: 2026-05-27T20:33:31.997Z
- **Duration**: 1m 4s
- **Agent**: opencode
- **Sandbox Mode**: auto
- **Sandbox Network**: Enabled
--- RAW OUTPUT ---
[94m[read][0m
[94m[glob][0m pattern: [96m**/*[0m
[94m[read][0m
[94m[read][0m
[94m[read][0m
[94m[todowrite][0m
[94m[bash][0m Create src/hermeswebterminal directory $ mkdir -p /Users/nimitbhardwaj/Programs/Projects/hermes-web-terminal/src/hermeswebterminal
[94m[write][0m
[94m[write][0m
[94m[write][0m "def run() -> None:
    print("Hello from hermes-web-terminal!")"
[94m[bash][0m Run ruff format check $ uv run ruff format --check
[94m[bash][0m Run ruff check $ uv run ruff check
[94m[bash][0m Run pyright type checker $ uv run pyright
[94m[edit][0m
[94m[bash][0m Format code and fix lint errors $ uv run ruff format src/hermeswebterminal/main.py && uv run ruff check --fix
[94m[edit][0m
[94m[bash][0m Verify all checks pass $ uv run ruff format main.py src/hermeswebterminal/main.py && uv run ruff check && uv run pyright
[94m[glob][0m pattern: [96msrc/hermeswebterminal/**/*[0m
[94m[bash][0m Verify entry point is configured $ uv run which hermes-web-terminal || echo "CLI not in path but package is installed"
[94m[todowrite][0m
[94m[read][0m
[94m[edit][0m
[94m[todowrite][0m


<promise>COMPLETE</promise>
