# Iteration 4 Log

## Metadata

- **Task ID**: US-005
- **Task Title**: HTTP Server and Static Files
- **Description**: As a developer, I want to serve the xterm.js frontend via HTTP so that users can access the terminal UI through a web browser.
- **Status**: completed
- **Task Completed**: Yes
- **Promise Detected**: Yes
- **Started At**: 2026-05-27T20:37:37.255Z
- **Ended At**: 2026-05-27T20:40:03.490Z
- **Duration**: 2m 26s
- **Agent**: opencode
- **Sandbox Mode**: auto
- **Sandbox Network**: Enabled
--- RAW OUTPUT ---
[94m[read][0m
[94m[glob][0m pattern: [96m**/*.py[0m
[94m[glob][0m pattern: [96msrc/hermeswebterminal/static/**[0m
[94m[read][0m
[94m[read][0m
[94m[glob][0m pattern: [96msrc/**/*.py[0m
[94m[glob][0m pattern: [96m**/static/**[0m
[94m[read][0m
[94m[bash][0m List project root directory $ ls -la /Users/nimitbhardwaj/Programs/Projects/hermes-web-terminal/
[94m[read][0m
[94m[glob][0m pattern: [96mtasks/**[0m
[94m[read][0m
[94m[grep][0m pattern: [96mWebSocket|websocket|ws[0m
[94m[glob][0m pattern: [96msrc/hermeswebterminal/**/*.py[0m
[94m[bash][0m List hermeswebterminal package $ ls -la /Users/nimitbhardwaj/Programs/Projects/hermes-web-terminal/src/hermeswebterminal/
[94m[todowrite][0m
[94m[bash][0m Create static directory $ mkdir -p /Users/nimitbhardwaj/Programs/Projects/hermes-web-terminal/src/hermeswebterminal/static
[94m[write][0m "<!DOCTYPE html>
<html lang="en">
<head>
    <meta charset="UTF-8">
    <meta name="viewport" content="width=device-width, initial-scale=1.0">
    <title>Hermes Web Terminal</title>
    <link rel="styl... (1157 chars)"
[94m[todowrite][0m
[94m[read][0m
[94m[read][0m
[94m[minimax_web_search][0m query: [93mpython websockets serve static files http server same port[0m
[94m[context7_resolve-library-id][0m query: [93mserve HTTP and WebSocket on same port static files[0m
[94m[gh_grep_searchGitHub][0m query: [93mwebsockets.serve HTTP static files same port[0m
[94m[write][0m """"Server Module for HTTP and WebSocket serving."""

from __future__ import annotations

import asyncio
import logging
from pathlib import Path

logger = logging.getLogger(__name__)

STATIC_DIR = Path... (1753 chars)"
[94m[bash][0m List hermeswebterminal package contents $ ls -la /Users/nimitbhardwaj/Programs/Projects/hermes-web-terminal/src/hermeswebterminal/
[94m[bash][0m List static directory contents $ ls -la /Users/nimitbhardwaj/Programs/Projects/hermes-web-terminal/src/hermeswebterminal/static/
[94m[todowrite][0m
[94m[bash][0m Run ruff check $ cd /Users/nimitbhardwaj/Programs/Projects/hermes-web-terminal && uv run ruff check
[94m[read][0m
[94m[edit][0m
[94m[write][0m """"Server Module for HTTP and WebSocket serving."""

from __future__ import annotations

import asyncio
import logging
from pathlib import Path

logger = logging.getLogger(__name__)

STATIC_DIR = Path... (1753 chars)"
[94m[bash][0m Add trailing newline to server.py $ echo "" >> /Users/nimitbhardwaj/Programs/Projects/hermes-web-terminal/src/hermeswebterminal/server.p...
[94m[bash][0m Run ruff check and format check $ cd /Users/nimitbhardwaj/Programs/Projects/hermes-web-terminal && uv run ruff check && uv run ruff fo...
[94m[bash][0m Run pyright type check $ cd /Users/nimitbhardwaj/Programs/Projects/hermes-web-terminal && uv run pyright
[94m[read][0m
[94m[edit][0m
[94m[bash][0m Run all quality checks $ cd /Users/nimitbhardwaj/Programs/Projects/hermes-web-terminal && uv run ruff check && uv run ruff fo...
[94m[read][0m
[94m[edit][0m
[94m[edit][0m
[94m[read][0m
[94m[write][0m "# Ralph Progress Log

This file tracks progress across iterations. Agents update this file
after each iteration and it's included in prompts for context.

## Codebase Patterns (Study These First)

*Ad... (5364 chars)"
[94m[bash][0m Run final quality checks $ cd /Users/nimitbhardwaj/Programs/Projects/hermes-web-terminal && uv run ruff check && uv run ruff fo...
[94m[todowrite][0m


<promise>COMPLETE</promise>
