# Iteration 7 Log

## Metadata

- **Task ID**: US-007
- **Task Title**: CLI Entrypoint and Configuration
- **Description**: As an operator, I want to have a CLI entrypoint with argument parsing and config loading so that the server can be easily configured and started.
- **Status**: completed
- **Task Completed**: Yes
- **Promise Detected**: Yes
- **Started At**: 2026-05-27T20:46:28.049Z
- **Ended At**: 2026-05-27T20:48:23.581Z
- **Duration**: 1m 55s
- **Agent**: opencode
- **Sandbox Mode**: auto
- **Sandbox Network**: Enabled
--- RAW OUTPUT ---
[94m[read][0m
[94m[glob][0m pattern: [96m**/hermeswebterminal/__main__.py[0m
[94m[glob][0m pattern: [96msrc/**/*.py[0m
[94m[read][0m
[94m[read][0m
[94m[read][0m
[94m[read][0m
[94m[glob][0m pattern: [96msrc/hermeswebterminal/__main__.py[0m
[94m[bash][0m List package directory contents $ ls -la /Users/nimitbhardwaj/Programs/Projects/hermes-web-terminal/src/hermeswebterminal/
[94m[bash][0m Test if __main__.py exists $ uv run python -m hermeswebterminal --help 2>&1 || true
[94m[bash][0m Check static directory $ ls -la /Users/nimitbhardwaj/Programs/Projects/hermes-web-terminal/src/hermeswebterminal/static/
[94m[todowrite][0m
[94m[write][0m """"CLI entrypoint for hermes-web-terminal."""

from __future__ import annotations

import argparse
import asyncio
import logging
import os
import sys
import tomllib
from pathlib import Path

CONFIG_PA... (3352 chars)"
[94m[edit][0m
[94m[todowrite][0m
[94m[write][0m """"Main module for hermes-web-terminal."""

from __future__ import annotations

from hermeswebterminal.__main__ import main

run = main

__all__ = ["main", "run"]


if __name__ == "__main__":
    main... (202 chars)"
[94m[todowrite][0m
[94m[bash][0m Run ruff format check $ cd /Users/nimitbhardwaj/Programs/Projects/hermes-web-terminal && uv run ruff format --check src/herm...
[94m[bash][0m Run ruff check on package $ cd /Users/nimitbhardwaj/Programs/Projects/hermes-web-terminal && uv run ruff check src/hermeswebterm...
[94m[bash][0m Run pyright type check $ cd /Users/nimitbhardwaj/Programs/Projects/hermes-web-terminal && uv run pyright src/hermeswebtermina...
[94m[bash][0m Format code with ruff $ cd /Users/nimitbhardwaj/Programs/Projects/hermes-web-terminal && uv run ruff format src/hermeswebter...
[94m[bash][0m Fix ruff issues $ cd /Users/nimitbhardwaj/Programs/Projects/hermes-web-terminal && uv run ruff check --fix src/hermesw...
[94m[edit][0m
[94m[read][0m
[94m[read][0m
[94m[edit][0m
[94m[edit][0m
[94m[bash][0m Add trailing newline to files $ cd /Users/nimitbhardwaj/Programs/Projects/hermes-web-terminal && echo "" >> src/hermeswebterminal/ma...
[94m[bash][0m Run all quality checks $ cd /Users/nimitbhardwaj/Programs/Projects/hermes-web-terminal && uv run ruff check src/hermeswebterm...
[94m[bash][0m Format files and run checks $ cd /Users/nimitbhardwaj/Programs/Projects/hermes-web-terminal && uv run ruff format src/hermeswebter...
[94m[bash][0m Test --help option $ cd /Users/nimitbhardwaj/Programs/Projects/hermes-web-terminal && uv run python -m hermeswebterminal ...
[94m[bash][0m Test --version option $ cd /Users/nimitbhardwaj/Programs/Projects/hermes-web-terminal && uv run python -m hermeswebterminal ...
[94m[bash][0m Install package in dev mode and test $ cd /Users/nimitbhardwaj/Programs/Projects/hermes-web-terminal && uv pip install -e . && uv run pytho...
[94m[bash][0m Test --version $ cd /Users/nimitbhardwaj/Programs/Projects/hermes-web-terminal && uv run python -m hermeswebterminal ...
[94m[todowrite][0m
[94m[read][0m
[94m[edit][0m
[94m[bash][0m Final quality check $ cd /Users/nimitbhardwaj/Programs/Projects/hermes-web-terminal && uv run ruff check src/hermeswebterm...
[94m[todowrite][0m


All acceptance criteria met:
- ✅ `src/hermeswebterminal/__main__.py` as entry point
- ✅ argparse CLI with `--port`, `--host`, `--password-env`, `--config`
- ✅ Config loaded from `~/.config/hermes-web-terminal/config.toml`
- ✅ Env vars override config file
- ✅ `--help` and `--version` support
- ✅ Starts HTTP and WebSocket servers via `run_server()`
- ✅ All quality checks pass

<promise>COMPLETE</promise>
