# Iteration 2 Log

## Metadata

- **Task ID**: US-002
- **Task Title**: PTY Manager Module
- **Description**: As a developer, I want to implement PTY spawning and I/O bridging to properly run hermes in a pseudo-terminal so that the TUI can receive proper terminal semantics.
- **Status**: completed
- **Task Completed**: Yes
- **Promise Detected**: Yes
- **Started At**: 2026-05-27T20:33:33.019Z
- **Ended At**: 2026-05-27T20:35:48.863Z
- **Duration**: 2m 15s
- **Agent**: opencode
- **Sandbox Mode**: auto
- **Sandbox Network**: Enabled
--- RAW OUTPUT ---
[94m[read][0m
[94m[glob][0m pattern: [96m**/*.md[0m
[94m[read][0m
[94m[glob][0m pattern: [96msrc/**/*.py[0m
[94m[read][0m
[94m[read][0m
[94m[write][0m """"PTY Manager Module for spawning and managing hermes in a pseudo-terminal."""

from __future__ import annotations

import asyncio
import logging
import os
import pty
import signal
import sys
from ty... (4982 chars)"
[94m[write][0m """"PTY Manager Module for spawning and managing hermes in a pseudo-terminal."""

from __future__ import annotations

import asyncio
import logging
import os
import pty
import signal
import socket
impo... (4998 chars)"
[94m[write][0m """"PTY Manager Module for spawning and managing hermes in a pseudo-terminal."""

from __future__ import annotations

import asyncio
import logging
import os
import pty
import signal
import socket
impo... (5019 chars)"
[94m[write][0m """"PTY Manager Module for spawning and managing hermes in a pseudo-terminal."""

from __future__ import annotations

import asyncio
import logging
import os
import pty
import signal
import socket
impo... (5125 chars)"
[94m[bash][0m Run ruff check on pty_manager.py $ cd /Users/nimitbhardwaj/Programs/Projects/hermes-web-terminal && uv run ruff check src/hermeswebterm...
[94m[bash][0m Run ruff format on pty_manager.py $ cd /Users/nimitbhardwaj/Programs/Projects/hermes-web-terminal && uv run ruff format src/hermeswebter...
[94m[bash][0m Run pyright on pty_manager.py $ cd /Users/nimitbhardwaj/Programs/Projects/hermes-web-terminal && uv run pyright src/hermeswebtermina...
[94m[read][0m
[94m[write][0m """"PTY Manager Module for spawning and managing hermes in a pseudo-terminal."""

from __future__ import annotations

import asyncio
import logging
import os
import pty
import signal
import socket
impo... (5081 chars)"
[94m[bash][0m Run all quality checks on pty_manager.py $ cd /Users/nimitbhardwaj/Programs/Projects/hermes-web-terminal && uv run ruff check src/hermeswebterm...
[94m[edit][0m
[94m[read][0m
[94m[edit][0m
[94m[bash][0m Add trailing newline to file $ echo "" >> /Users/nimitbhardwaj/Programs/Projects/hermes-web-terminal/src/hermeswebterminal/pty_mana...
[94m[bash][0m Run all quality checks on pty_manager.py $ cd /Users/nimitbhardwaj/Programs/Projects/hermes-web-terminal && uv run ruff check src/hermeswebterm...


Now let me update the progress.md file:
[94m[edit][0m
[94m[edit][0m
[94m[read][0m
[94m[edit][0m
[94m[bash][0m Show exact file contents with special chars $ cd /Users/nimitbhardwaj/Programs/Projects/hermes-web-terminal && cat -A .ralph-tui/progress.md | tai...
[94m[write][0m "# Ralph Progress Log

This file tracks progress across iterations. Agents update this file
after each iteration and it's included in prompts for context.

## Codebase Patterns (Study These First)

*Ad... (2776 chars)"
[94m[bash][0m Run all quality checks on src/ $ cd /Users/nimitbhardwaj/Programs/Projects/hermes-web-terminal && uv run ruff check src/ && uv run ru...


All acceptance criteria met:

- `src/hermeswebterminal/pty_manager.py` created
- `spawn_hermes()` using `pty.fork()`
- Environment vars: `TERM=xterm-256color`, `TERM_PROGRAM=hermes-web-terminal`
- Async I/O with `read_from_pty_async()` and `write_to_pty()`
- Sync `read_from_pty()` generator
- Debug logging at each I/O step (configurable via `log_level`)
- Proper cleanup in `close()` with SIGTERM and fd/socket closing
- All quality gates pass

<promise>COMPLETE</promise>
